mode: set
github.com/jason-bourne-gg/plotting-society/internal/database/database.go:30.60,32.16 2 1
github.com/jason-bourne-gg/plotting-society/internal/database/database.go:32.16,34.3 1 1
github.com/jason-bourne-gg/plotting-society/internal/database/database.go:37.2,77.55 5 1
github.com/jason-bourne-gg/plotting-society/internal/database/database.go:77.55,79.3 1 1
github.com/jason-bourne-gg/plotting-society/internal/database/database.go:80.2,84.16 4 1
github.com/jason-bourne-gg/plotting-society/internal/database/database.go:84.16,86.3 1 0
github.com/jason-bourne-gg/plotting-society/internal/database/database.go:88.2,90.43 3 1
github.com/jason-bourne-gg/plotting-society/internal/database/database.go:90.43,93.3 2 1
github.com/jason-bourne-gg/plotting-society/internal/database/database.go:94.2,94.29 1 1
github.com/jason-bourne-gg/plotting-society/internal/database/database.go:98.50,104.16 2 1
github.com/jason-bourne-gg/plotting-society/internal/database/database.go:104.16,106.3 1 1
github.com/jason-bourne-gg/plotting-society/internal/database/database.go:108.2,110.16 3 1
github.com/jason-bourne-gg/plotting-society/internal/database/database.go:110.16,112.3 1 0
github.com/jason-bourne-gg/plotting-society/internal/database/database.go:113.2,113.18 1 1
github.com/jason-bourne-gg/plotting-society/internal/database/database.go:113.18,115.39 2 1
github.com/jason-bourne-gg/plotting-society/internal/database/database.go:115.39,118.4 2 0
github.com/jason-bourne-gg/plotting-society/internal/database/database.go:119.3,119.20 1 1
github.com/jason-bourne-gg/plotting-society/internal/database/database.go:121.2,122.35 2 1
github.com/jason-bourne-gg/plotting-society/internal/database/database.go:122.35,124.3 1 0
github.com/jason-bourne-gg/plotting-society/internal/database/database.go:126.2,127.16 2 1
github.com/jason-bourne-gg/plotting-society/internal/database/database.go:127.16,129.3 1 0
github.com/jason-bourne-gg/plotting-society/internal/database/database.go:130.2,131.28 2 1
github.com/jason-bourne-gg/plotting-society/internal/database/database.go:131.28,132.17 1 1
github.com/jason-bourne-gg/plotting-society/internal/database/database.go:132.17,134.4 1 1
github.com/jason-bourne-gg/plotting-society/internal/database/database.go:136.2,138.29 2 1
github.com/jason-bourne-gg/plotting-society/internal/database/database.go:138.29,139.20 1 1
github.com/jason-bourne-gg/plotting-society/internal/database/database.go:139.20,140.12 1 1
github.com/jason-bourne-gg/plotting-society/internal/database/database.go:142.3,143.17 2 1
github.com/jason-bourne-gg/plotting-society/internal/database/database.go:143.17,145.4 1 0
github.com/jason-bourne-gg/plotting-society/internal/database/database.go:147.3,148.17 2 1
github.com/jason-bourne-gg/plotting-society/internal/database/database.go:148.17,150.4 1 0
github.com/jason-bourne-gg/plotting-society/internal/database/database.go:151.3,151.55 1 1
github.com/jason-bourne-gg/plotting-society/internal/database/database.go:151.55,154.4 2 0
github.com/jason-bourne-gg/plotting-society/internal/database/database.go:155.3,155.102 1 1
github.com/jason-bourne-gg/plotting-society/internal/database/database.go:155.102,158.4 2 0
github.com/jason-bourne-gg/plotting-society/internal/database/database.go:159.3,159.40 1 1
github.com/jason-bourne-gg/plotting-society/internal/database/database.go:159.40,161.4 1 0
github.com/jason-bourne-gg/plotting-society/internal/database/database.go:162.3,162.50 1 1
github.com/jason-bourne-gg/plotting-society/internal/database/database.go:164.2,164.12 1 1
github.com/jason-bourne-gg/plotting-society/internal/maintenance/maintenance.go:51.39,51.64 1 1
github.com/jason-bourne-gg/plotting-society/internal/maintenance/maintenance.go:54.44,56.2 1 1
github.com/jason-bourne-gg/plotting-society/internal/maintenance/maintenance.go:61.89,66.35 3 1
github.com/jason-bourne-gg/plotting-society/internal/maintenance/maintenance.go:66.35,68.3 1 1
github.com/jason-bourne-gg/plotting-society/internal/maintenance/maintenance.go:69.2,69.16 1 1
github.com/jason-bourne-gg/plotting-society/internal/maintenance/maintenance.go:69.16,71.3 1 1
github.com/jason-bourne-gg/plotting-society/internal/maintenance/maintenance.go:73.2,90.16 2 1
github.com/jason-bourne-gg/plotting-society/internal/maintenance/maintenance.go:90.16,92.3 1 0
github.com/jason-bourne-gg/plotting-society/internal/maintenance/maintenance.go:93.2,96.18 3 1
github.com/jason-bourne-gg/plotting-society/internal/maintenance/maintenance.go:96.18,100.46 3 1
github.com/jason-bourne-gg/plotting-society/internal/maintenance/maintenance.go:100.46,102.4 1 0
github.com/jason-bourne-gg/plotting-society/internal/maintenance/maintenance.go:103.3,105.23 3 1
github.com/jason-bourne-gg/plotting-society/internal/maintenance/maintenance.go:107.2,107.34 1 1
github.com/jason-bourne-gg/plotting-society/internal/maintenance/maintenance.go:111.116,112.18 1 1
github.com/jason-bourne-gg/plotting-society/internal/maintenance/maintenance.go:112.18,121.3 2 1
github.com/jason-bourne-gg/plotting-society/internal/maintenance/maintenance.go:122.2,129.12 2 1
github.com/jason-bourne-gg/plotting-society/internal/maintenance/maintenance.go:137.112,139.16 2 1
github.com/jason-bourne-gg/plotting-society/internal/maintenance/maintenance.go:139.16,141.3 1 1
github.com/jason-bourne-gg/plotting-society/internal/maintenance/maintenance.go:142.2,142.15 1 1
github.com/jason-bourne-gg/plotting-society/internal/maintenance/maintenance.go:142.15,142.39 1 1
github.com/jason-bourne-gg/plotting-society/internal/maintenance/maintenance.go:144.2,157.16 2 1
github.com/jason-bourne-gg/plotting-society/internal/maintenance/maintenance.go:157.16,159.3 1 0
github.com/jason-bourne-gg/plotting-society/internal/maintenance/maintenance.go:161.2,168.18 3 1
github.com/jason-bourne-gg/plotting-society/internal/maintenance/maintenance.go:168.18,170.75 2 1
github.com/jason-bourne-gg/plotting-society/internal/maintenance/maintenance.go:170.75,173.4 2 0
github.com/jason-bourne-gg/plotting-society/internal/maintenance/maintenance.go:174.3,174.27 1 1
github.com/jason-bourne-gg/plotting-society/internal/maintenance/maintenance.go:176.2,177.35 2 1
github.com/jason-bourne-gg/plotting-society/internal/maintenance/maintenance.go:177.35,179.3 1 0
github.com/jason-bourne-gg/plotting-society/internal/maintenance/maintenance.go:181.2,181.26 1 1
github.com/jason-bourne-gg/plotting-society/internal/maintenance/maintenance.go:181.26,187.60 2 1
github.com/jason-bourne-gg/plotting-society/internal/maintenance/maintenance.go:187.60,189.4 1 0
github.com/jason-bourne-gg/plotting-society/internal/maintenance/maintenance.go:190.3,191.18 2 1
github.com/jason-bourne-gg/plotting-society/internal/maintenance/maintenance.go:193.2,193.38 1 1
github.com/jason-bourne-gg/plotting-society/internal/maintenance/maintenance.go:203.61,205.2 1 1
github.com/jason-bourne-gg/plotting-society/internal/maintenance/maintenance.go:207.69,208.47 1 1
github.com/jason-bourne-gg/plotting-society/internal/maintenance/maintenance.go:208.47,210.3 1 1
github.com/jason-bourne-gg/plotting-society/internal/maintenance/maintenance.go:211.2,213.84 3 1
github.com/jason-bourne-gg/plotting-society/internal/maintenance/maintenance.go:216.70,218.16 2 1
github.com/jason-bourne-gg/plotting-society/internal/maintenance/maintenance.go:218.16,220.3 1 1
github.com/jason-bourne-gg/plotting-society/internal/maintenance/maintenance.go:222.2,223.33 2 1
github.com/jason-bourne-gg/plotting-society/internal/maintenance/maintenance.go:223.33,225.3 1 0
github.com/jason-bourne-gg/plotting-society/internal/maintenance/maintenance.go:226.2,226.16 1 1
github.com/jason-bourne-gg/plotting-society/internal/maintenance/maintenance.go:226.16,228.3 1 0
github.com/jason-bourne-gg/plotting-society/internal/maintenance/maintenance.go:229.2,236.4 2 1
github.com/jason-bourne-gg/plotting-society/internal/maintenance/maintenance.go:239.73,241.16 2 1
github.com/jason-bourne-gg/plotting-society/internal/maintenance/maintenance.go:241.16,243.3 1 1
github.com/jason-bourne-gg/plotting-society/internal/maintenance/maintenance.go:245.2,250.50 2 1
github.com/jason-bourne-gg/plotting-society/internal/maintenance/maintenance.go:250.50,252.3 1 1
github.com/jason-bourne-gg/plotting-society/internal/maintenance/maintenance.go:253.2,253.25 1 1
github.com/jason-bourne-gg/plotting-society/internal/maintenance/maintenance.go:253.25,255.3 1 1
github.com/jason-bourne-gg/plotting-society/internal/maintenance/maintenance.go:258.2,258.27 1 1
github.com/jason-bourne-gg/plotting-society/internal/maintenance/maintenance.go:258.27,262.3 1 1
github.com/jason-bourne-gg/plotting-society/internal/maintenance/maintenance.go:264.2,265.78 1 1
github.com/jason-bourne-gg/plotting-society/internal/maintenance/maintenance.go:265.78,267.3 1 0
github.com/jason-bourne-gg/plotting-society/internal/maintenance/maintenance.go:268.2,271.4 1 1
github.com/jason-bourne-gg/plotting-society/internal/maintenance/maintenance.go:274.74,276.16 2 1
github.com/jason-bourne-gg/plotting-society/internal/maintenance/maintenance.go:276.16,278.3 1 1
github.com/jason-bourne-gg/plotting-society/internal/maintenance/maintenance.go:280.2,281.16 2 1
github.com/jason-bourne-gg/plotting-society/internal/maintenance/maintenance.go:281.16,283.3 1 0
github.com/jason-bourne-gg/plotting-society/internal/maintenance/maintenance.go:284.2,287.4 1 1
github.com/jason-bourne-gg/plotting-society/internal/maintenance/maintenance.go:291.76,293.16 2 1
github.com/jason-bourne-gg/plotting-society/internal/maintenance/maintenance.go:293.16,295.3 1 1
github.com/jason-bourne-gg/plotting-society/internal/maintenance/maintenance.go:296.2,297.95 2 1
github.com/jason-bourne-gg/plotting-society/internal/maintenance/maintenance.go:297.95,299.3 1 1
github.com/jason-bourne-gg/plotting-society/internal/maintenance/maintenance.go:300.2,300.31 1 1
