mode: set
github.com/jason-bourne-gg/plotting-society/internal/httpx/httpx.go:27.32,28.18 1 1
github.com/jason-bourne-gg/plotting-society/internal/httpx/httpx.go:28.18,30.3 1 1
github.com/jason-bourne-gg/plotting-society/internal/httpx/httpx.go:31.2,31.18 1 1
github.com/jason-bourne-gg/plotting-society/internal/httpx/httpx.go:34.32,34.48 1 1
github.com/jason-bourne-gg/plotting-society/internal/httpx/httpx.go:36.38,36.121 1 1
github.com/jason-bourne-gg/plotting-society/internal/httpx/httpx.go:37.38,37.124 1 1
github.com/jason-bourne-gg/plotting-society/internal/httpx/httpx.go:38.38,38.118 1 1
github.com/jason-bourne-gg/plotting-society/internal/httpx/httpx.go:39.38,39.117 1 1
github.com/jason-bourne-gg/plotting-society/internal/httpx/httpx.go:40.38,40.116 1 1
github.com/jason-bourne-gg/plotting-society/internal/httpx/httpx.go:42.47,45.2 1 1
github.com/jason-bourne-gg/plotting-society/internal/httpx/httpx.go:48.33,51.2 1 1
github.com/jason-bourne-gg/plotting-society/internal/httpx/httpx.go:57.68,58.32 1 1
github.com/jason-bourne-gg/plotting-society/internal/httpx/httpx.go:58.32,60.3 1 1
github.com/jason-bourne-gg/plotting-society/internal/httpx/httpx.go:63.62,66.17 3 1
github.com/jason-bourne-gg/plotting-society/internal/httpx/httpx.go:66.17,68.3 1 1
github.com/jason-bourne-gg/plotting-society/internal/httpx/httpx.go:69.2,69.56 1 1
github.com/jason-bourne-gg/plotting-society/internal/httpx/httpx.go:69.56,72.3 1 1
github.com/jason-bourne-gg/plotting-society/internal/httpx/httpx.go:73.2,73.12 1 1
github.com/jason-bourne-gg/plotting-society/internal/httpx/httpx.go:76.45,79.2 2 1
github.com/jason-bourne-gg/plotting-society/internal/httpx/httpx.go:81.68,83.30 2 1
github.com/jason-bourne-gg/plotting-society/internal/httpx/httpx.go:83.30,85.3 1 1
github.com/jason-bourne-gg/plotting-society/internal/httpx/httpx.go:86.2,86.26 1 1
github.com/jason-bourne-gg/plotting-society/internal/httpx/httpx.go:86.26,89.3 1 1
github.com/jason-bourne-gg/plotting-society/internal/httpx/httpx.go:90.2,90.61 1 1
github.com/jason-bourne-gg/plotting-society/internal/httpx/httpx.go:95.49,101.40 5 1
github.com/jason-bourne-gg/plotting-society/internal/httpx/httpx.go:101.40,103.3 1 1
github.com/jason-bourne-gg/plotting-society/internal/httpx/httpx.go:104.2,104.16 1 1
github.com/jason-bourne-gg/plotting-society/internal/httpx/httpx.go:104.16,106.3 1 1
github.com/jason-bourne-gg/plotting-society/internal/httpx/httpx.go:107.2,107.12 1 1
github.com/jason-bourne-gg/plotting-society/internal/httpx/httpx.go:111.72,113.15 2 1
github.com/jason-bourne-gg/plotting-society/internal/httpx/httpx.go:113.15,115.3 1 1
github.com/jason-bourne-gg/plotting-society/internal/httpx/httpx.go:116.2,117.16 2 1
github.com/jason-bourne-gg/plotting-society/internal/httpx/httpx.go:117.16,119.3 1 1
github.com/jason-bourne-gg/plotting-society/internal/httpx/httpx.go:120.2,120.13 1 1
github.com/jason-bourne-gg/plotting-society/internal/httpx/httpx.go:120.13,122.3 1 1
github.com/jason-bourne-gg/plotting-society/internal/httpx/httpx.go:123.2,123.13 1 1
github.com/jason-bourne-gg/plotting-society/internal/httpx/httpx.go:123.13,125.3 1 1
github.com/jason-bourne-gg/plotting-society/internal/httpx/httpx.go:126.2,126.10 1 1
github.com/jason-bourne-gg/plotting-society/internal/httpx/httpx.go:133.59,134.36 1 1
github.com/jason-bourne-gg/plotting-society/internal/httpx/httpx.go:134.36,136.3 1 1
github.com/jason-bourne-gg/plotting-society/internal/httpx/httpx.go:137.2,137.10 1 1
github.com/jason-bourne-gg/plotting-society/internal/httpx/httpx.go:145.48,148.2 2 1
github.com/jason-bourne-gg/plotting-society/internal/httpx/httpx.go:150.52,151.71 1 1
github.com/jason-bourne-gg/plotting-society/internal/httpx/httpx.go:151.71,155.3 3 1
github.com/jason-bourne-gg/plotting-society/internal/httpx/httpx.go:159.48,160.71 1 1
github.com/jason-bourne-gg/plotting-society/internal/httpx/httpx.go:160.71,161.16 1 1
github.com/jason-bourne-gg/plotting-society/internal/httpx/httpx.go:161.16,162.36 1 1
github.com/jason-bourne-gg/plotting-society/internal/httpx/httpx.go:162.36,165.5 2 1
github.com/jason-bourne-gg/plotting-society/internal/httpx/httpx.go:167.3,167.23 1 1
github.com/jason-bourne-gg/plotting-society/internal/httpx/httpx.go:173.40,175.28 2 1
github.com/jason-bourne-gg/plotting-society/internal/httpx/httpx.go:175.28,177.3 1 1
github.com/jason-bourne-gg/plotting-society/internal/httpx/httpx.go:178.2,178.46 1 1
github.com/jason-bourne-gg/plotting-society/internal/httpx/httpx.go:178.46,179.72 1 1
github.com/jason-bourne-gg/plotting-society/internal/httpx/httpx.go:179.72,181.39 2 1
github.com/jason-bourne-gg/plotting-society/internal/httpx/httpx.go:181.39,188.5 6 1
github.com/jason-bourne-gg/plotting-society/internal/httpx/httpx.go:189.4,189.38 1 1
github.com/jason-bourne-gg/plotting-society/internal/httpx/httpx.go:189.38,192.5 2 1
github.com/jason-bourne-gg/plotting-society/internal/httpx/httpx.go:193.4,193.24 1 1
github.com/jason-bourne-gg/plotting-society/internal/httpx/httpx.go:199.54,200.71 1 1
github.com/jason-bourne-gg/plotting-society/internal/httpx/httpx.go:200.71,206.3 5 1
github.com/jason-bourne-gg/plotting-society/internal/httpx/limiter.go:24.28,24.79 1 1
github.com/jason-bourne-gg/plotting-society/internal/httpx/limiter.go:27.73,33.32 5 1
github.com/jason-bourne-gg/plotting-society/internal/httpx/limiter.go:33.32,34.22 1 1
github.com/jason-bourne-gg/plotting-society/internal/httpx/limiter.go:34.22,36.4 1 1
github.com/jason-bourne-gg/plotting-society/internal/httpx/limiter.go:38.2,38.22 1 1
github.com/jason-bourne-gg/plotting-society/internal/httpx/limiter.go:38.22,41.3 2 1
github.com/jason-bourne-gg/plotting-society/internal/httpx/limiter.go:42.2,45.24 2 1
github.com/jason-bourne-gg/plotting-society/internal/httpx/limiter.go:45.24,46.28 1 1
github.com/jason-bourne-gg/plotting-society/internal/httpx/limiter.go:46.28,47.49 1 1
github.com/jason-bourne-gg/plotting-society/internal/httpx/limiter.go:47.49,49.5 1 1
github.com/jason-bourne-gg/plotting-society/internal/httpx/limiter.go:52.2,52.13 1 1
github.com/jason-bourne-gg/plotting-society/internal/httpx/limiter.go:57.38,61.2 3 1
github.com/jason-bourne-gg/plotting-society/internal/httpx/limiter.go:65.48,67.52 2 1
github.com/jason-bourne-gg/plotting-society/internal/httpx/limiter.go:67.52,69.3 1 1
github.com/jason-bourne-gg/plotting-society/internal/httpx/limiter.go:70.2,70.14 1 1
github.com/jason-bourne-gg/plotting-society/internal/httpx/limiter.go:70.14,72.17 2 1
github.com/jason-bourne-gg/plotting-society/internal/httpx/limiter.go:72.17,74.4 1 1
github.com/jason-bourne-gg/plotting-society/internal/httpx/limiter.go:74.9,76.4 1 1
github.com/jason-bourne-gg/plotting-society/internal/httpx/limiter.go:78.2,79.37 2 1
github.com/jason-bourne-gg/plotting-society/internal/httpx/limiter.go:83.41,85.2 1 1
